'build_fat_all.bat' is not recognized as an internal or external command,
operable program or batch file.
